Microchip MPLAB XC8 Compiler V1.34 ()

Linker command line:

--edf=F:\Program Files (x86)\Microchip\xc8\v1.34\dat\en_msgs.txt -cs \
  -h+dist/default/production\DualUart.X.production.sym \
  --cmf=dist/default/production\DualUart.X.production.cmf -z -Q18F45K22 \
  -oC:\Users\MD0F5~1.JUN\AppData\Local\Temp\s8l4.6 \
  -Mdist/default/production/DualUart.X.production.map -E1 -ver=XC8 \
  -ASTACK=0B2h-05ffh -pstack=STACK -ACODE=00h-07FFFh -ACONST=00h-07FFFh \
  -ASMALLCONST=0600h-06FFhx122 -AMEDIUMCONST=0600h-07FFFh -ACOMRAM=01h-05Fh \
  -AABS1=00h-05FFh -ABIGRAM=01h-05FFh -ARAM=060h-0FFh,0100h-01FFhx5 \
  -ABANK0=060h-0FFh -ABANK1=0100h-01FFh -ABANK2=0200h-02FFh \
  -ABANK3=0300h-03FFh -ABANK4=0400h-04FFh -ABANK5=0500h-05FFh \
  -ASFR=0F38h-0F5Fh,0F60h-0FFFh \
  -preset_vec=00h,intcode=08h,intcodelo,powerup,init,end_init \
  -pramtop=0600h -psmallconst=SMALLCONST -pmediumconst=MEDIUMCONST \
  -pconst=CONST -AFARRAM=00h-00h -ACONFIG=0300000h-030000Dh -pconfig=CONFIG \
  -AIDLOC=0200000h-0200007h -pidloc=IDLOC -AEEDATA=0F00000h-0F000FFh \
  -peeprom_data=EEDATA \
  -prdata=COMRAM,nvrram=COMRAM,nvbit=COMRAM,rbss=COMRAM,rbit=COMRAM \
  -pfarbss=FARRAM,fardata=FARRAM,nvFARRAM=FARRAM \
  -pintsave_regs=BIGRAM,bigbss=BIGRAM,bigdata=BIGRAM -pbss=RAM \
  -pidata=CODE,irdata=CODE,ibigdata=CODE,ifardata=CODE -prparam=COMRAM \
  C:\Users\MD0F5~1.JUN\AppData\Local\Temp\s8l4.obj \
  dist/default/production\DualUart.X.production.obj 

Object code version is 3.11

Machine type is 18F45K22

Call graph: (short form)




                Name                               Link     Load   Length Selector   Space Scale
C:\Users\MD0F5~1.JUN\AppData\Local\Temp\s8l4.obj
                end_init                             AA       AA        4        4       0
                reset_vec                             0        0        4        0       0
                idloc                            200000   200000        8   200000       0
                config                           300000   300000        E   300000       0
dist/default/production\DualUart.X.production.obj
                intcode                               8        8       A2        4       0
                smallconst                          600      600       7C      300       0
                text48                             1D3C     1D3C        A      33E       0
                text47                             1300     1300       96      33E       0
                text46                             1762     1762       82      33E       0
                text45                             17E4     17E4       74      33E       0
                text44                             15D0     15D0       8C      33E       0
                text43                             1C82     1C82       1E      33E       0
                text42                             1C40     1C40       24      33E       0
                text41                             1544     1544       8C      33E       0
                text40                             1C64     1C64       1E      33E       0
                text39                             1936     1936       68      33E       0
                text38                             1D5E     1D5E        8      33E       0
                text37                              DE4      DE4       EE      33E       0
                text36                             1AA4     1AA4       4C      33E       0
                text34                             16E0     16E0       82      33E       0
                text33                             18CA     18CA       6C      33E       0
                text32                             1266     1266       9A      33E       0
                text31                             1060     1060       B8      33E       0
                text30                             1C14     1C14       2C      33E       0
                text29                             14B8     14B8       8C      33E       0
                text28                              FA8      FA8       B8      33E       0
                text27                             1BE8     1BE8       2C      33E       0
                text26                             1D56     1D56        8      33E       0
                text25                              ED2      ED2       D6      33E       0
                text24                             1B76     1B76       3A      33E       0
                text23                             1CD4     1CD4       1A      33E       0
                text22                             1858     1858       72      33E       0
                text21                             1D4E     1D4E        8      33E       0
                text20                             1D2C     1D2C       10      33E       0
                text19                             1CBA     1CBA       1A      33E       0
                text18                             165C     165C       84      33E       0
                text17                             1396     1396       94      33E       0
                text16                             1D1A     1D1A       12      33E       0
                text15                             19FE     19FE       56      33E       0
                text14                             1A54     1A54       50      33E       0
                text13                             1CEE     1CEE       18      33E       0
                text12                             1CA0     1CA0       1A      33E       0
                text11                             1D06     1D06       14      33E       0
                text10                              CC6      CC6      11E      33E       0
                text9                               BA2      BA2      124      33E       0
                text8                               67C      67C      348      33E       0
                text7                              1BB0     1BB0       38      33E       0
                text6                               9C4      9C4      1DE      33E       0
                text5                              1AF0     1AF0       4A      33E       0
                text4                              142A     142A       8E      33E       0
                text3                              1118     1118       AC      33E       0
                text2                              11C4     11C4       A2      33E       0
                text1                              1D46     1D46        8      33E       0
                text0                              199E     199E       60      33E       0
                cstackCOMRAM                          1        1       2B        1       1
                cstackBANK0                          8F       8F       23       60       1
                bssBANK0                             60       60       2F       60       1
                dataCOMRAM                           48       48        2        1       1
                bssCOMRAM                            2C       2C       19        1       1
                bitbssCOMRAM                        228       45        7        1       1     8
                cinit                              1B3A     1B3A       3C      33E       0
                nvCOMRAM                             46       46        2        1       1
                idataCOMRAM                        1D66     1D66        2      33E       0

TOTAL           Name                               Link     Load   Length     Space
        CLASS   STACK          

        CLASS   CODE           
                end_init                             AA       AA        4         0
                intcode                               8        8       A2         0
                reset_vec                             0        0        4         0
                text48                             1D3C     1D3C        A         0
                text47                             1300     1300       96         0
                text46                             1762     1762       82         0
                text45                             17E4     17E4       74         0
                text44                             15D0     15D0       8C         0
                text43                             1C82     1C82       1E         0
                text42                             1C40     1C40       24         0
                text41                             1544     1544       8C         0
                text40                             1C64     1C64       1E         0
                text39                             1936     1936       68         0
                text38                             1D5E     1D5E        8         0
                text37                              DE4      DE4       EE         0
                text36                             1AA4     1AA4       4C         0
                text34                             16E0     16E0       82         0
                text33                             18CA     18CA       6C         0
                text32                             1266     1266       9A         0
                text31                             1060     1060       B8         0
                text30                             1C14     1C14       2C         0
                text29                             14B8     14B8       8C         0
                text28                              FA8      FA8       B8         0
                text27                             1BE8     1BE8       2C         0
                text26                             1D56     1D56        8         0
                text25                              ED2      ED2       D6         0
                text24                             1B76     1B76       3A         0
                text23                             1CD4     1CD4       1A         0
                text22                             1858     1858       72         0
                text21                             1D4E     1D4E        8         0
                text20                             1D2C     1D2C       10         0
                text19                             1CBA     1CBA       1A         0
                text18                             165C     165C       84         0
                text17                             1396     1396       94         0
                text16                             1D1A     1D1A       12         0
                text15                             19FE     19FE       56         0
                text14                             1A54     1A54       50         0
                text13                             1CEE     1CEE       18         0
                text12                             1CA0     1CA0       1A         0
                text11                             1D06     1D06       14         0
                text10                              CC6      CC6      11E         0
                text9                               BA2      BA2      124         0
                text8                               67C      67C      348         0
                text7                              1BB0     1BB0       38         0
                text6                               9C4      9C4      1DE         0
                text5                              1AF0     1AF0       4A         0
                text4                              142A     142A       8E         0
                text3                              1118     1118       AC         0
                text2                              11C4     11C4       A2         0
                text1                              1D46     1D46        8         0
                text0                              199E     199E       60         0
                cinit                              1B3A     1B3A       3C         0
                idataCOMRAM                        1D66     1D66        2         0

        CLASS   CONST          

        CLASS   SMALLCONST     
                smallconst                          600      600       7C         0

        CLASS   MEDIUMCONST    

        CLASS   COMRAM         
                cstackCOMRAM                          1        1       2B         1
                dataCOMRAM                           48       48        2         1
                bssCOMRAM                            2C       2C       19         1
                bitbssCOMRAM                        228       45        7         1
                nvCOMRAM                             46       46        2         1

        CLASS   ABS1           

        CLASS   BIGRAM         

        CLASS   RAM            

        CLASS   BANK0          
                cstackBANK0                          8F       8F       23         1
                bssBANK0                             60       60       2F         1

        CLASS   BANK1          

        CLASS   BANK2          

        CLASS   BANK3          

        CLASS   BANK4          

        CLASS   BANK5          

        CLASS   SFR            

        CLASS   FARRAM         

        CLASS   CONFIG         
                config                           300000   300000        E         0

        CLASS   IDLOC          
                idloc                            200000   200000        8         0

        CLASS   EEDATA         



SEGMENTS        Name                           Load    Length   Top    Selector   Space  Class

                reset_vec                      000000  000004  000004         0       0  CODE    
                cstackCOMRAM                   000001  000049  00004A         1       1  COMRAM  
                intcode                        000008  0000A6  0000AE         4       0  CODE    
                bssBANK0                       000060  000052  0000B2        60       1  BANK0   
                smallconst                     000600  00007C  00067C       300       0  SMALLCON
                text8                          00067C  0016EC  001D68       33E       0  CODE    
                idloc                          200000  000008  200008    200000       0  IDLOC   
                config                         300000  00000E  30000E    300000       0  CONFIG  


UNUSED ADDRESS RANGES

        Name                Unused          Largest block    Delta
        BANK0            0000B2-0000FF               4E
        BANK1            000100-0001FF              100
        BANK2            000200-0002FF              100
        BANK3            000300-0003FF              100
        BANK4            000400-0004FF              100
        BANK5            000500-0005FF              100
        BIGRAM           00004A-00005F               16
                         0000B2-0005FF              54E
        CODE             000004-000007                4
                         0000AE-0005FF              552
                         001D68-007FFF             6298
        COMRAM           00004A-00005F               16
        CONST            000004-000007                4
                         0000AE-0005FF              552
                         001D68-007FFF             6298
        EEDATA           F00000-F000FF              100
        MEDIUMCONST      001D68-007FFF             6298
        RAM              0000B2-0005FF              100
        SFR              000F38-000FFF               28
        SMALLCONST       001D68-007FFF              100
        STACK            0000B2-0005FF              54E

                                  Symbol Table

?___awdiv                    cstackCOMRAM 000001
?___awmod                    cstackCOMRAM 000009
?___lwdiv                    cstackBANK0  00008F
?___lwmod                    cstackBANK0  000096
?___wmul                     cstackBANK0  00008F
FullStepsNeg@steps           cstackBANK0  000093
FullStepsPos@steps           cstackBANK0  000093
ProcessStepperData@data1     cstackBANK0  0000B1
ProcessSteps@position        cstackBANK0  000095
Shift@data                   cstackBANK0  000093
Shift@i                      cstackBANK0  000094
_ADCON0                      (abs)        000FC2
_ADCON0bits                  (abs)        000FC2
_ADCON1                      (abs)        000FC1
_ADCON2                      (abs)        000FC0
_ADC_high                    bssCOMRAM    00002C
_ADC_low                     bssCOMRAM    00002E
_ADC_result                  bssCOMRAM    000030
_ADRESH                      (abs)        000FC4
_ADRESL                      (abs)        000FC3
_ADXL_Display                text25       000ED2
_ADXL_Init                   text11       001D06
_ADXL_Read                   text24       001B76
_ANSELA                      (abs)        000F38
_ANSELB                      (abs)        000F39
_ANSELC                      (abs)        000F3A
_ANSELD                      (abs)        000F3B
_ANSELE                      (abs)        000F3C
_Compressor_Timer            text18       00165C
_FullStepsNeg                text10       000CC6
_FullStepsPos                text9        000BA2
_GetReset                    text17       001396
_INTCON2bits                 (abs)        000FF1
_INTCONbits                  (abs)        000FF2
_IPR3bits                    (abs)        000FA5
_Init                        text14       001A54
_LATBbits                    (abs)        000F8A
_LATDbits                    (abs)        000F8C
_OSCCON                      (abs)        000FD3
_Open_UART1                  text13       001CEE
_Open_UART2                  text12       001CA0
_PIE1bits                    (abs)        000F9D
_PIE3bits                    (abs)        000FA3
_PIR1bits                    (abs)        000F9E
_PIR3bits                    (abs)        000FA4
_PORTAbits                   (abs)        000F80
_ProcessNMEA                 text2        0011C4
_ProcessStepperData          text6        0009C4
_ProcessSteps                text8        00067C
_RCONbits                    (abs)        000FD0
_RCREG1                      (abs)        000FAE
_RCREG2                      (abs)        000F74
_RCSTA1bits                  (abs)        000FAB
_RCSTA2bits                  (abs)        000F71
_Reload_Timer                text48       001D3C
_RxI1                        text4        00142A
_RxI2                        text1        001D46
_SPBRG1                      (abs)        000FAF
_SPBRG2                      (abs)        000F75
_Shift                       text3        001118
_Stepper_Init                text16       001D1A
_T0CONbits                   (abs)        000FD5
_TMR0H                       (abs)        000FD7
_TMR0L                       (abs)        000FD6
_TRISAbits                   (abs)        000F92
_TRISBbits                   (abs)        000F93
_TRISCbits                   (abs)        000F94
_TRISDbits                   (abs)        000F95
_TRISE                       (abs)        000F96
_TXREG1                      (abs)        000FAD
_TXREG2                      (abs)        000F73
_TXSTA1bits                  (abs)        000FAC
_TXSTA2bits                  (abs)        000F72
_Timer0_Init                 text5        001AF0
__CFG_FOSC$INTIO67           (abs)        000000
__CFG_MCLRE$INTMCLR          (abs)        000000
__CFG_STVREN$OFF             (abs)        000000
__CFG_WDTEN$OFF              (abs)        000000
__HRAM                       (abs)        000000
__Habs1                      abs1         000000
__Hbank0                     bank0        000000
__Hbank1                     bank1        000000
__Hbank2                     bank2        000000
__Hbank3                     bank3        000000
__Hbank4                     bank4        000000
__Hbank5                     bank5        000000
__Hbigbss                    bigbss       000000
__Hbigdata                   bigdata      000000
__Hbigram                    bigram       000000
__HbitbssCOMRAM              bitbssCOMRAM 000000
__Hbss                       bss          000000
__HbssBANK0                  bssBANK0     000000
__HbssCOMRAM                 bssCOMRAM    000000
__Hcinit                     cinit        000000
__Hclrtext                   clrtext      000000
__Hcomram                    comram       000000
__Hconfig                    config       30000E
__Hconst                     const        000000
__HcstackBANK0               cstackBANK0  000000
__HcstackCOMRAM              cstackCOMRAM 000000
__Hdata                      data         000000
__HdataCOMRAM                dataCOMRAM   000000
__Heeprom_data               eeprom_data  000000
__Hend_init                  end_init     0000AE
__Hfarbss                    farbss       000000
__Hfardata                   fardata      000000
__Hibigdata                  ibigdata     000000
__Hidata                     idata        000000
__HidataCOMRAM               idataCOMRAM  000000
__Hidloc                     idloc        200008
__Hifardata                  ifardata     000000
__Hinit                      init         0000AA
__Hintcode                   intcode      0000AA
__Hintcode_body              intcode_body 000000
__Hintcodelo                 intcodelo    0000AA
__Hintentry                  intentry     000000
__Hintret                    intret       000000
__Hintsave_regs              intsave_regs 000000
__Hirdata                    irdata       000000
__Hmediumconst               mediumconst  000000
__HnvCOMRAM                  nvCOMRAM     000000
__HnvFARRAM                  nvFARRAM     000000
__Hnvbit                     nvbit        000000
__Hnvrram                    nvrram       000000
__Hparam                     rparam       000000
__Hpowerup                   powerup      0000AA
__Hram                       ram          000000
__Hramtop                    ramtop       000600
__Hrbit                      rbit         000000
__Hrbss                      rbss         000000
__Hrdata                     rdata        000000
__Hreset_vec                 reset_vec    000004
__Hrparam                    rparam       000000
__Hsfr                       sfr          000000
__Hsmallconst                smallconst   00067C
__Hspace_0                   (abs)        30000E
__Hspace_1                   (abs)        00022F
__Hspace_2                   (abs)        000000
__Hstack                     stack        000000
__Hstruct                    struct       000000
__Htemp                      temp         000000
__Htext                      text         000000
__Htext0                     text0        000000
__Htext1                     text1        000000
__Htext10                    text10       000000
__Htext11                    text11       000000
__Htext12                    text12       000000
__Htext13                    text13       000000
__Htext14                    text14       000000
__Htext15                    text15       000000
__Htext16                    text16       000000
__Htext17                    text17       000000
__Htext18                    text18       000000
__Htext19                    text19       000000
__Htext2                     text2        000000
__Htext20                    text20       000000
__Htext21                    text21       000000
__Htext22                    text22       000000
__Htext23                    text23       000000
__Htext24                    text24       000000
__Htext25                    text25       000000
__Htext26                    text26       000000
__Htext27                    text27       000000
__Htext28                    text28       000000
__Htext29                    text29       000000
__Htext3                     text3        000000
__Htext30                    text30       000000
__Htext31                    text31       000000
__Htext32                    text32       000000
__Htext33                    text33       000000
__Htext34                    text34       000000
__Htext36                    text36       000000
__Htext37                    text37       000000
__Htext38                    text38       000000
__Htext39                    text39       000000
__Htext4                     text4        000000
__Htext40                    text40       000000
__Htext41                    text41       000000
__Htext42                    text42       000000
__Htext43                    text43       000000
__Htext44                    text44       000000
__Htext45                    text45       000000
__Htext46                    text46       000000
__Htext47                    text47       000000
__Htext48                    text48       000000
__Htext5                     text5        000000
__Htext6                     text6        000000
__Htext7                     text7        000000
__Htext8                     text8        000000
__Htext9                     text9        000000
__LRAM                       (abs)        000001
__Labs1                      abs1         000000
__Lbank0                     bank0        000000
__Lbank1                     bank1        000000
__Lbank2                     bank2        000000
__Lbank3                     bank3        000000
__Lbank4                     bank4        000000
__Lbank5                     bank5        000000
__Lbigbss                    bigbss       000000
__Lbigdata                   bigdata      000000
__Lbigram                    bigram       000000
__LbitbssCOMRAM              bitbssCOMRAM 000000
__Lbss                       bss          000000
__LbssBANK0                  bssBANK0     000000
__LbssCOMRAM                 bssCOMRAM    000000
__Lcinit                     cinit        000000
__Lclrtext                   clrtext      000000
__Lcomram                    comram       000000
__Lconfig                    config       300000
__Lconst                     const        000000
__LcstackBANK0               cstackBANK0  000000
__LcstackCOMRAM              cstackCOMRAM 000000
__Ldata                      data         000000
__LdataCOMRAM                dataCOMRAM   000000
__Leeprom_data               eeprom_data  000000
__Lend_init                  end_init     0000AA
__Lfarbss                    farbss       000000
__Lfardata                   fardata      000000
__Libigdata                  ibigdata     000000
__Lidata                     idata        000000
__LidataCOMRAM               idataCOMRAM  000000
__Lidloc                     idloc        200000
__Lifardata                  ifardata     000000
__Linit                      init         0000AA
__Lintcode                   intcode      000008
__Lintcode_body              intcode_body 000000
__Lintcodelo                 intcodelo    0000AA
__Lintentry                  intentry     000000
__Lintret                    intret       000000
__Lintsave_regs              intsave_regs 000000
__Lirdata                    irdata       000000
__Lmediumconst               mediumconst  000000
__LnvCOMRAM                  nvCOMRAM     000000
__LnvFARRAM                  nvFARRAM     000000
__Lnvbit                     nvbit        000000
__Lnvrram                    nvrram       000000
__Lparam                     rparam       000000
__Lpowerup                   powerup      0000AA
__Lram                       ram          000000
__Lramtop                    ramtop       000600
__Lrbit                      rbit         000000
__Lrbss                      rbss         000000
__Lrdata                     rdata        000000
__Lreset_vec                 reset_vec    000000
__Lrparam                    rparam       000000
__Lsfr                       sfr          000000
__Lsmallconst                smallconst   000600
__Lspace_0                   (abs)        000000
__Lspace_1                   (abs)        000000
__Lspace_2                   (abs)        000000
__Lstack                     stack        000000
__Lstruct                    struct       000000
__Ltemp                      temp         000000
__Ltext                      text         000000
__Ltext0                     text0        000000
__Ltext1                     text1        000000
__Ltext10                    text10       000000
__Ltext11                    text11       000000
__Ltext12                    text12       000000
__Ltext13                    text13       000000
__Ltext14                    text14       000000
__Ltext15                    text15       000000
__Ltext16                    text16       000000
__Ltext17                    text17       000000
__Ltext18                    text18       000000
__Ltext19                    text19       000000
__Ltext2                     text2        000000
__Ltext20                    text20       000000
__Ltext21                    text21       000000
__Ltext22                    text22       000000
__Ltext23                    text23       000000
__Ltext24                    text24       000000
__Ltext25                    text25       000000
__Ltext26                    text26       000000
__Ltext27                    text27       000000
__Ltext28                    text28       000000
__Ltext29                    text29       000000
__Ltext3                     text3        000000
__Ltext30                    text30       000000
__Ltext31                    text31       000000
__Ltext32                    text32       000000
__Ltext33                    text33       000000
__Ltext34                    text34       000000
__Ltext36                    text36       000000
__Ltext37                    text37       000000
__Ltext38                    text38       000000
__Ltext39                    text39       000000
__Ltext4                     text4        000000
__Ltext40                    text40       000000
__Ltext41                    text41       000000
__Ltext42                    text42       000000
__Ltext43                    text43       000000
__Ltext44                    text44       000000
__Ltext45                    text45       000000
__Ltext46                    text46       000000
__Ltext47                    text47       000000
__Ltext48                    text48       000000
__Ltext5                     text5        000000
__Ltext6                     text6        000000
__Ltext7                     text7        000000
__Ltext8                     text8        000000
__Ltext9                     text9        000000
__S0                         (abs)        30000E
__S1                         (abs)        0000B2
__S2                         (abs)        000000
___awdiv                     text47       001300
___awdiv@counter             cstackCOMRAM 000005
___awdiv@dividend            cstackCOMRAM 000001
___awdiv@divisor             cstackCOMRAM 000003
___awdiv@quotient            cstackCOMRAM 000007
___awdiv@sign                cstackCOMRAM 000006
___awmod                     text46       001762
___awmod@counter             cstackCOMRAM 00000D
___awmod@dividend            cstackCOMRAM 000009
___awmod@divisor             cstackCOMRAM 00000B
___awmod@sign                cstackCOMRAM 00000E
___inthi_sp                  stack        000000
___intlo_sp                  stack        000000
___lwdiv                     text34       0016E0
___lwdiv@counter             cstackBANK0  000093
___lwdiv@dividend            cstackBANK0  00008F
___lwdiv@divisor             cstackBANK0  000091
___lwdiv@quotient            cstackBANK0  000094
___lwmod                     text33       0018CA
___lwmod@counter             cstackBANK0  00009A
___lwmod@dividend            cstackBANK0  000096
___lwmod@divisor             cstackBANK0  000098
___param_bank                (abs)        000010
___rparam_used               (abs)        000001
___sp                        stack        000000
___wmul                      text7        001BB0
___wmul@multiplicand         cstackBANK0  000091
___wmul@multiplier           cstackBANK0  00008F
___wmul@product              cstackBANK0  000093
__accesstop                  (abs)        000060
__activetblptr               (abs)        000002
__end_of_ADXL_Display        text25       000FA8
__end_of_ADXL_Init           text11       001D1A
__end_of_ADXL_Read           text24       001BB0
__end_of_Compressor_Timer    text18       0016E0
__end_of_FullStepsNeg        text10       000DE4
__end_of_FullStepsPos        text9        000CC6
__end_of_GetReset            text17       00142A
__end_of_Init                text14       001AA4
__end_of_Open_UART1          text13       001D06
__end_of_Open_UART2          text12       001CBA
__end_of_ProcessNMEA         text2        001266
__end_of_ProcessStepperData  text6        000BA2
__end_of_ProcessSteps        text8        0009C4
__end_of_Reload_Timer        text48       001D46
__end_of_RxI1                text4        0014B8
__end_of_RxI2                text1        001D4E
__end_of_Shift               text3        0011C4
__end_of_Stepper_Init        text16       001D2C
__end_of_Timer0_Init         text5        001B3A
__end_of___awdiv             text47       001396
__end_of___awmod             text46       0017E4
__end_of___lwdiv             text34       001762
__end_of___lwmod             text33       001936
__end_of___wmul              text7        001BE8
__end_of__initialization     cinit        001B6C
__end_of_clr_scr             text23       001CEE
__end_of_delay               text22       0018CA
__end_of_dis_char            text30       001C40
__end_of_dis_string          text29       001544
__end_of_display_downtime    text37       000ED2
__end_of_first_line          text21       001D56
__end_of_high_isr            intcode      0000AA
__end_of_lcd_cmd             text27       001C14
__end_of_lcd_delay           text32       001300
__end_of_lcd_ini             text15       001A54
__end_of_lcd_right_shift     text42       001C64
__end_of_lcdcmd_nibble       text28       001060
__end_of_lcddata_nibble      text31       001118
__end_of_main                text0        0019FE
__end_of_second_inc          text36       001AF0
__end_of_second_line         text26       001D5E
__end_of_tx1_byte            text20       001D3C
__end_of_tx1_byte_n          text19       001CD4
__end_ofi2_dis_char          text40       001C82
__end_ofi2_dis_string        text39       00199E
__end_ofi2_lcd_cmd           text43       001CA0
__end_ofi2_lcd_delay         text45       001858
__end_ofi2_lcdcmd_nibble     text44       00165C
__end_ofi2_lcddata_nibble    text41       0015D0
__end_ofi2_second_line       text38       001D66
__initialization             cinit        001B3A
__mediumconst                mediumconst  000000
__pbitbssCOMRAM              bitbssCOMRAM 000228
__pbssBANK0                  bssBANK0     000060
__pbssCOMRAM                 bssCOMRAM    00002C
__pcinit                     cinit        001B3A
__pcstackBANK0               cstackBANK0  00008F
__pcstackCOMRAM              cstackCOMRAM 000001
__pdataCOMRAM                dataCOMRAM   000048
__pidataCOMRAM               idataCOMRAM  001D66
__pintcode                   intcode      000008
__pnvCOMRAM                  nvCOMRAM     000046
__psmallconst                smallconst   000600
__ptext0                     text0        00199E
__ptext1                     text1        001D46
__ptext10                    text10       000CC6
__ptext11                    text11       001D06
__ptext12                    text12       001CA0
__ptext13                    text13       001CEE
__ptext14                    text14       001A54
__ptext15                    text15       0019FE
__ptext16                    text16       001D1A
__ptext17                    text17       001396
__ptext18                    text18       00165C
__ptext19                    text19       001CBA
__ptext2                     text2        0011C4
__ptext20                    text20       001D2C
__ptext21                    text21       001D4E
__ptext22                    text22       001858
__ptext23                    text23       001CD4
__ptext24                    text24       001B76
__ptext25                    text25       000ED2
__ptext26                    text26       001D56
__ptext27                    text27       001BE8
__ptext28                    text28       000FA8
__ptext29                    text29       0014B8
__ptext3                     text3        001118
__ptext30                    text30       001C14
__ptext31                    text31       001060
__ptext32                    text32       001266
__ptext33                    text33       0018CA
__ptext34                    text34       0016E0
__ptext36                    text36       001AA4
__ptext37                    text37       000DE4
__ptext38                    text38       001D5E
__ptext39                    text39       001936
__ptext4                     text4        00142A
__ptext40                    text40       001C64
__ptext41                    text41       001544
__ptext42                    text42       001C40
__ptext43                    text43       001C82
__ptext44                    text44       0015D0
__ptext45                    text45       0017E4
__ptext46                    text46       001762
__ptext47                    text47       001300
__ptext48                    text48       001D3C
__ptext5                     text5        001AF0
__ptext6                     text6        0009C4
__ptext7                     text7        001BB0
__ptext8                     text8        00067C
__ptext9                     text9        000BA2
__ramtop                     ramtop       000600
__size_of_ADXL_Display       (abs)        000000
__size_of_ADXL_Init          (abs)        000000
__size_of_ADXL_Read          (abs)        000000
__size_of_Compressor_Timer   (abs)        000000
__size_of_FullStepsNeg       (abs)        000000
__size_of_FullStepsPos       (abs)        000000
__size_of_GetReset           (abs)        000000
__size_of_Init               (abs)        000000
__size_of_Open_UART1         (abs)        000000
__size_of_Open_UART2         (abs)        000000
__size_of_ProcessNMEA        (abs)        000000
__size_of_ProcessStepperData (abs)        000000
__size_of_ProcessSteps       (abs)        000000
__size_of_Reload_Timer       (abs)        000000
__size_of_RxI1               (abs)        000000
__size_of_RxI2               (abs)        000000
__size_of_Shift              (abs)        000000
__size_of_Stepper_Init       (abs)        000000
__size_of_Timer0_Init        (abs)        000000
__size_of___awdiv            (abs)        000000
__size_of___awmod            (abs)        000000
__size_of___lwdiv            (abs)        000000
__size_of___lwmod            (abs)        000000
__size_of___wmul             (abs)        000000
__size_of_clr_scr            (abs)        000000
__size_of_delay              (abs)        000000
__size_of_dis_char           (abs)        000000
__size_of_dis_string         (abs)        000000
__size_of_display_downtime   (abs)        000000
__size_of_first_line         (abs)        000000
__size_of_high_isr           (abs)        000000
__size_of_lcd_cmd            (abs)        000000
__size_of_lcd_delay          (abs)        000000
__size_of_lcd_ini            (abs)        000000
__size_of_lcd_right_shift    (abs)        000000
__size_of_lcdcmd_nibble      (abs)        000000
__size_of_lcddata_nibble     (abs)        000000
__size_of_main               (abs)        000000
__size_of_second_inc         (abs)        000000
__size_of_second_line        (abs)        000000
__size_of_tx1_byte           (abs)        000000
__size_of_tx1_byte_n         (abs)        000000
__size_ofi2_dis_char         (abs)        000000
__size_ofi2_dis_string       (abs)        000000
__size_ofi2_lcd_cmd          (abs)        000000
__size_ofi2_lcd_delay        (abs)        000000
__size_ofi2_lcdcmd_nibble    (abs)        000000
__size_ofi2_lcddata_nibble   (abs)        000000
__size_ofi2_second_line      (abs)        000000
__smallconst                 smallconst   000600
_abs_position                bssBANK0     00007C
_adxl_en                     bitbssCOMRAM 000228
_byte1                       bssBANK0     00008A
_byte2                       bssCOMRAM    000036
_clr_scr                     text23       001CD4
_comp_tmr_en                 bitbssCOMRAM 000229
_count                       dataCOMRAM   000048
_delay                       text22       001858
_digits                      bssCOMRAM    000041
_dis_char                    text30       001C14
_dis_string                  text29       0014B8
_display_downtime            text37       000DE4
_eol                         bitbssCOMRAM 00022A
_first_line                  text21       001D4E
_high_isr                    intcode      000008
_i                           bssBANK0     000084
_init_count                  nvCOMRAM     000046
_int1flag                    bitbssCOMRAM 00022B
_int2flag                    bitbssCOMRAM 00022C
_j                           bssBANK0     000086
_last_position               bssBANK0     000080
_last_status                 bssCOMRAM    000032
_lcd_cmd                     text27       001BE8
_lcd_delay                   text32       001266
_lcd_ini                     text15       0019FE
_lcd_right_shift             text42       001C40
_lcdcmd_nibble               text28       000FA8
_lcddata_nibble              text31       001060
_main                        text0        00199E
_minute                      bssCOMRAM    000034
_rstflag                     bitbssCOMRAM 00022D
_rx_position                 bssBANK0     00008B
_rx_position_en              bitbssCOMRAM 00022E
_second                      bssBANK0     000088
_second_inc                  text36       001AA4
_second_line                 text26       001D56
_state                       bssCOMRAM    000037
_state_neg_full              bssCOMRAM    000038
_state_neg_half              bssCOMRAM    000039
_state_pos_full              bssCOMRAM    00003A
_state_pos_half              bssCOMRAM    00003B
_strbuf                      bssBANK0     000060
_time_lcd                    bssCOMRAM    00003C
_tx1_byte                    text20       001D2C
_tx1_byte_n                  text19       001CBA
delay@x                      cstackBANK0  00008F
delay@y                      cstackBANK0  000091
dis_char@data_value          cstackBANK0  00009E
dis_char@data_value1         cstackBANK0  00009F
dis_string@count             cstackBANK0  0000A6
dis_string@i                 cstackBANK0  0000A8
dis_string@len               cstackBANK0  0000A2
dis_string@wrptr             cstackBANK0  0000A0
end_of_initialization        cinit        001B6C
i2_dis_char                  text40       001C64
i2_dis_string                text39       001936
i2_lcd_cmd                   text43       001C82
i2_lcd_delay                 text45       0017E4
i2_lcdcmd_nibble             text44       0015D0
i2_lcddata_nibble            text41       001544
i2_second_line               text38       001D5E
i2dis_char@data_value        cstackCOMRAM 000010
i2dis_char@data_value1       cstackCOMRAM 000011
i2dis_string@count           cstackCOMRAM 000018
i2dis_string@i               cstackCOMRAM 00001A
i2dis_string@len             cstackCOMRAM 000014
i2dis_string@wrptr           cstackCOMRAM 000012
i2lcd_cmd@cmd_value          cstackCOMRAM 000010
i2lcd_cmd@cmd_value1         cstackCOMRAM 000011
i2lcd_delay@i                cstackCOMRAM 00000A
i2lcd_delay@j                cstackCOMRAM 000006
i2lcd_delay@temp             cstackCOMRAM 000001
i2lcdcmd_nibble@cmdout       cstackCOMRAM 00000F
i2lcddata_nibble@dataout     cstackCOMRAM 00000F
intlevel0                    text         000000
intlevel1                    text         000000
intlevel2                    text         000000
intlevel3                    text         000000
lcd_cmd@cmd_value            cstackBANK0  00009E
lcd_cmd@cmd_value1           cstackBANK0  00009F
lcd_delay@i                  cstackBANK0  000098
lcd_delay@j                  cstackBANK0  000094
lcd_delay@temp               cstackBANK0  00008F
lcd_right_shift@n            cstackCOMRAM 000012
lcd_right_shift@p            cstackCOMRAM 000014
lcdcmd_nibble@cmdout         cstackBANK0  00009D
lcddata_nibble@dataout       cstackBANK0  00009D
stackhi                      (abs)        0005FF
stacklo                      (abs)        0000B2
start                        init         0000AA
start_initialization         cinit        001B3A
tx1_byte@data1               cstackBANK0  00008F
tx1_byte_n@data1n            cstackBANK0  000090


FUNCTION INFORMATION:

 *************** function _main *****************
 Defined at:
		line 34 in file "Dual_UART.c"
 Parameters:    Size  Location     Type
		None
 Auto vars:     Size  Location     Type
		None
 Return value:  Size  Location     Type
		None               void
 Registers used:
		wreg, fsr0l, fsr0h, fsr1l, fsr1h, fsr2l, fsr2h, status,2, status,0, tblptrl, tblptrh, tblptru, prodl, prodh, cstack
 Tracked objects:
		On entry : 
		On exit  : 
		Unchanged: 
 Data sizes:     COMRAM   BANK0   BANK1   BANK2   BANK3   BANK4   BANK5
      Params:         0       0       0       0       0       0       0
      Locals:         0       0       0       0       0       0       0
      Temps:          0       0       0       0       0       0       0
      Totals:         0       0       0       0       0       0       0
Total ram usage:        0 bytes
 Hardware stack levels required when called:   13
 This function calls:
		_ADXL_Display
		_ADXL_Read
		_Compressor_Timer
		_GetReset
		_Init
		_Open_UART1
		_Open_UART2
		_RxI1
		_RxI2
		_clr_scr
		_dis_string
		_first_line
 This function is called by:
		Startup code after reset
 This function uses a non-reentrant model


 *************** function _RxI2 *****************
 Defined at:
		line 94 in file "GPS_DUALUART_Parsing.h"
 Parameters:    Size  Location     Type
		None
 Auto vars:     Size  Location     Type
		None
 Return value:  Size  Location     Type
		None               void
 Registers used:
		wreg, fsr1l, fsr1h, fsr2l, fsr2h, status,2, status,0, cstack
 Tracked objects:
		On entry : 
		On exit  : 
		Unchanged: 
 Data sizes:     COMRAM   BANK0   BANK1   BANK2   BANK3   BANK4   BANK5
      Params:         0       0       0       0       0       0       0
      Locals:         0       0       0       0       0       0       0
      Temps:          0       0       0       0       0       0       0
      Totals:         0       0       0       0       0       0       0
Total ram usage:        0 bytes
 Hardware stack levels used:    1
 Hardware stack levels required when called:    9
 This function calls:
		_ProcessNMEA
 This function is called by:
		_main
 This function uses a non-reentrant model


 *************** function _ProcessNMEA *****************
 Defined at:
		line 65 in file "GPS_DUALUART_Parsing.h"
 Parameters:    Size  Location     Type
		None
 Auto vars:     Size  Location     Type
		None
 Return value:  Size  Location     Type
		None               void
 Registers used:
		wreg, fsr1l, fsr1h, fsr2l, fsr2h, status,2, status,0, cstack
 Tracked objects:
		On entry : 
		On exit  : 
		Unchanged: 
 Data sizes:     COMRAM   BANK0   BANK1   BANK2   BANK3   BANK4   BANK5
      Params:         0       0       0       0       0       0       0
      Locals:         0       0       0       0       0       0       0
      Temps:          0       0       0       0       0       0       0
      Totals:         0       0       0       0       0       0       0
Total ram usage:        0 bytes
 Hardware stack levels used:    1
 Hardware stack levels required when called:    8
 This function calls:
		_Shift
 This function is called by:
		_RxI2
 This function uses a non-reentrant model


 *************** function _Shift *****************
 Defined at:
		line 84 in file "GPS_DUALUART_Parsing.h"
 Parameters:    Size  Location     Type
  data            1    wreg     unsigned char 
 Auto vars:     Size  Location     Type
  data            1    4[BANK0 ] unsigned char 
  i               2    5[BANK0 ] unsigned int 
 Return value:  Size  Location     Type
		None               void
 Registers used:
		wreg, fsr1l, fsr1h, fsr2l, fsr2h, status,2, status,0
 Tracked objects:
		On entry : 
		On exit  : 
		Unchanged: 
 Data sizes:     COMRAM   BANK0   BANK1   BANK2   BANK3   BANK4   BANK5
      Params:         0       0       0       0       0       0       0
      Locals:         0       3       0       0       0       0       0
      Temps:          0       4       0       0       0       0       0
      Totals:         0       7       0       0       0       0       0
Total ram usage:        7 bytes
 Hardware stack levels used:    1
 Hardware stack levels required when called:    7
 This function calls:
		Nothing
 This function is called by:
		_ProcessNMEA
 This function uses a non-reentrant model


 *************** function _RxI1 *****************
 Defined at:
		line 32 in file "GPS_DUALUART_Parsing.h"
 Parameters:    Size  Location     Type
		None
 Auto vars:     Size  Location     Type
		None
 Return value:  Size  Location     Type
		None               void
 Registers used:
		wreg, fsr0l, fsr0h, fsr2l, fsr2h, status,2, status,0, tblptrl, tblptrh, tblptru, prodl, prodh, cstack
 Tracked objects:
		On entry : 
		On exit  : 
		Unchanged: 
 Data sizes:     COMRAM   BANK0   BANK1   BANK2   BANK3   BANK4   BANK5
      Params:         0       0       0       0       0       0       0
      Locals:         0       0       0       0       0       0       0
      Temps:          0       0       0       0       0       0       0
      Totals:         0       0       0       0       0       0       0
Total ram usage:        0 bytes
 Hardware stack levels used:    1
 Hardware stack levels required when called:   12
 This function calls:
		_ADXL_Init
		_ProcessStepperData
		_Timer0_Init
		_dis_string
		_second_line
 This function is called by:
		_main
 This function uses a non-reentrant model


 *************** function _Timer0_Init *****************
 Defined at:
		line 28 in file "TIMER_45k222.h"
 Parameters:    Size  Location     Type
		None
 Auto vars:     Size  Location     Type
		None
 Return value:  Size  Location     Type
		None               void
 Registers used:
		wreg, fsr0l, fsr0h, status,2, status,0, tblptrl, tblptrh, tblptru, cstack
 Tracked objects:
		On entry : 
		On exit  : 
		Unchanged: 
 Data sizes:     COMRAM   BANK0   BANK1   BANK2   BANK3   BANK4   BANK5
      Params:         0       0       0       0       0       0       0
      Locals:         0       0       0       0       0       0       0
      Temps:          0       0       0       0       0       0       0
      Totals:         0       0       0       0       0       0       0
Total ram usage:        0 bytes
 Hardware stack levels used:    1
 Hardware stack levels required when called:   11
 This function calls:
		_dis_string
		_first_line
 This function is called by:
		_RxI1
 This function uses a non-reentrant model


 *************** function _ProcessStepperData *****************
 Defined at:
		line 58 in file "Stepper_Drive.h"
 Parameters:    Size  Location     Type
  data1           1    wreg     unsigned char 
 Auto vars:     Size  Location     Type
  data1           1   34[BANK0 ] unsigned char 
 Return value:  Size  Location     Type
		None               void
 Registers used:
		wreg, fsr0l, fsr0h, fsr2l, fsr2h, status,2, status,0, tblptrl, tblptrh, tblptru, prodl, prodh, cstack
 Tracked objects:
		On entry : 
		On exit  : 
		Unchanged: 
 Data sizes:     COMRAM   BANK0   BANK1   BANK2   BANK3   BANK4   BANK5
      Params:         0       0       0       0       0       0       0
      Locals:         0       1       0       0       0       0       0
      Temps:          0       4       0       0       0       0       0
      Totals:         0       5       0       0       0       0       0
Total ram usage:        5 bytes
 Hardware stack levels used:    1
 Hardware stack levels required when called:   11
 This function calls:
		_ProcessSteps
		___wmul
		_clr_scr
		_dis_char
		_dis_string
		_first_line
		_second_line
		_tx1_byte
		_tx1_byte_n
 This function is called by:
		_RxI1
 This function uses a non-reentrant model


 *************** function ___wmul *****************
 Defined at:
		line 15 in file "F:\Program Files (x86)\Microchip\xc8\v1.34\sources\common\Umul16.c"
 Parameters:    Size  Location     Type
  multiplier      2    0[BANK0 ] unsigned int 
  multiplicand    2    2[BANK0 ] unsigned int 
 Auto vars:     Size  Location     Type
  product         2    4[BANK0 ] unsigned int 
 Return value:  Size  Location     Type
                  2    0[BANK0 ] unsigned int 
 Registers used:
		wreg, status,2, status,0, prodl, prodh
 Tracked objects:
		On entry : 
		On exit  : 
		Unchanged: 
 Data sizes:     COMRAM   BANK0   BANK1   BANK2   BANK3   BANK4   BANK5
      Params:         0       4       0       0       0       0       0
      Locals:         0       2       0       0       0       0       0
      Temps:          0       0       0       0       0       0       0
      Totals:         0       6       0       0       0       0       0
Total ram usage:        6 bytes
 Hardware stack levels used:    1
 Hardware stack levels required when called:    7
 This function calls:
		Nothing
 This function is called by:
		_ProcessStepperData
 This function uses a non-reentrant model


 *************** function _ProcessSteps *****************
 Defined at:
		line 115 in file "Stepper_Drive.h"
 Parameters:    Size  Location     Type
  position        4    6[BANK0 ] long 
 Auto vars:     Size  Location     Type
		None
 Return value:  Size  Location     Type
		None               void
 Registers used:
		wreg, status,2, status,0, cstack
 Tracked objects:
		On entry : 
		On exit  : 
		Unchanged: 
 Data sizes:     COMRAM   BANK0   BANK1   BANK2   BANK3   BANK4   BANK5
      Params:         0       4       0       0       0       0       0
      Locals:         0       0       0       0       0       0       0
      Temps:          0      20       0       0       0       0       0
      Totals:         0      24       0       0       0       0       0
Total ram usage:       24 bytes
 Hardware stack levels used:    1
 Hardware stack levels required when called:    9
 This function calls:
		_FullStepsNeg
		_FullStepsPos
 This function is called by:
		_ProcessStepperData
 This function uses a non-reentrant model


 *************** function _FullStepsPos *****************
 Defined at:
		line 174 in file "Stepper_Drive.h"
 Parameters:    Size  Location     Type
  steps           2    4[BANK0 ] unsigned int 
 Auto vars:     Size  Location     Type
		None
 Return value:  Size  Location     Type
		None               void
 Registers used:
		wreg, status,2, status,0, cstack
 Tracked objects:
		On entry : 
		On exit  : 
		Unchanged: 
 Data sizes:     COMRAM   BANK0   BANK1   BANK2   BANK3   BANK4   BANK5
      Params:         0       2       0       0       0       0       0
      Locals:         0       0       0       0       0       0       0
      Temps:          0       0       0       0       0       0       0
      Totals:         0       2       0       0       0       0       0
Total ram usage:        2 bytes
 Hardware stack levels used:    1
 Hardware stack levels required when called:    8
 This function calls:
		_delay
 This function is called by:
		_ProcessSteps
 This function uses a non-reentrant model


 *************** function _FullStepsNeg *****************
 Defined at:
		line 231 in file "Stepper_Drive.h"
 Parameters:    Size  Location     Type
  steps           2    4[BANK0 ] unsigned int 
 Auto vars:     Size  Location     Type
		None
 Return value:  Size  Location     Type
		None               void
 Registers used:
		wreg, status,2, status,0, cstack
 Tracked objects:
		On entry : 
		On exit  : 
		Unchanged: 
 Data sizes:     COMRAM   BANK0   BANK1   BANK2   BANK3   BANK4   BANK5
      Params:         0       2       0       0       0       0       0
      Locals:         0       0       0       0       0       0       0
      Temps:          0       0       0       0       0       0       0
      Totals:         0       2       0       0       0       0       0
Total ram usage:        2 bytes
 Hardware stack levels used:    1
 Hardware stack levels required when called:    8
 This function calls:
		_delay
 This function is called by:
		_ProcessSteps
 This function uses a non-reentrant model


 *************** function _ADXL_Init *****************
 Defined at:
		line 22 in file "ADXL335_ADC_45K22.h"
 Parameters:    Size  Location     Type
		None
 Auto vars:     Size  Location     Type
		None
 Return value:  Size  Location     Type
		None               void
 Registers used:
		wreg, status,2
 Tracked objects:
		On entry : 
		On exit  : 
		Unchanged: 
 Data sizes:     COMRAM   BANK0   BANK1   BANK2   BANK3   BANK4   BANK5
      Params:         0       0       0       0       0       0       0
      Locals:         0       0       0       0       0       0       0
      Temps:          0       0       0       0       0       0       0
      Totals:         0       0       0       0       0       0       0
Total ram usage:        0 bytes
 Hardware stack levels used:    1
 Hardware stack levels required when called:    7
 This function calls:
		Nothing
 This function is called by:
		_RxI1
 This function uses a non-reentrant model


 *************** function _Open_UART2 *****************
 Defined at:
		line 59 in file "uart_45k22.h"
 Parameters:    Size  Location     Type
		None
 Auto vars:     Size  Location     Type
		None
 Return value:  Size  Location     Type
		None               void
 Registers used:
		wreg, status,2
 Tracked objects:
		On entry : 
		On exit  : 
		Unchanged: 
 Data sizes:     COMRAM   BANK0   BANK1   BANK2   BANK3   BANK4   BANK5
      Params:         0       0       0       0       0       0       0
      Locals:         0       0       0       0       0       0       0
      Temps:          0       0       0       0       0       0       0
      Totals:         0       0       0       0       0       0       0
Total ram usage:        0 bytes
 Hardware stack levels used:    1
 Hardware stack levels required when called:    7
 This function calls:
		Nothing
 This function is called by:
		_main
 This function uses a non-reentrant model


 *************** function _Open_UART1 *****************
 Defined at:
		line 38 in file "uart_45k22.h"
 Parameters:    Size  Location     Type
		None
 Auto vars:     Size  Location     Type
		None
 Return value:  Size  Location     Type
		None               void
 Registers used:
		wreg, status,2
 Tracked objects:
		On entry : 
		On exit  : 
		Unchanged: 
 Data sizes:     COMRAM   BANK0   BANK1   BANK2   BANK3   BANK4   BANK5
      Params:         0       0       0       0       0       0       0
      Locals:         0       0       0       0       0       0       0
      Temps:          0       0       0       0       0       0       0
      Totals:         0       0       0       0       0       0       0
Total ram usage:        0 bytes
 Hardware stack levels used:    1
 Hardware stack levels required when called:    7
 This function calls:
		Nothing
 This function is called by:
		_main
 This function uses a non-reentrant model


 *************** function _Init *****************
 Defined at:
		line 16 in file "Dual_UART.c"
 Parameters:    Size  Location     Type
		None
 Auto vars:     Size  Location     Type
		None
 Return value:  Size  Location     Type
		None               void
 Registers used:
		wreg, fsr0l, fsr0h, status,2, status,0, tblptrl, tblptrh, tblptru, cstack
 Tracked objects:
		On entry : 
		On exit  : 
		Unchanged: 
 Data sizes:     COMRAM   BANK0   BANK1   BANK2   BANK3   BANK4   BANK5
      Params:         0       0       0       0       0       0       0
      Locals:         0       0       0       0       0       0       0
      Temps:          0       0       0       0       0       0       0
      Totals:         0       0       0       0       0       0       0
Total ram usage:        0 bytes
 Hardware stack levels used:    1
 Hardware stack levels required when called:   11
 This function calls:
		_Stepper_Init
		_clr_scr
		_dis_string
		_lcd_ini
 This function is called by:
		_main
 This function uses a non-reentrant model


 *************** function _lcd_ini *****************
 Defined at:
		line 112 in file "LCD_4bit.h"
 Parameters:    Size  Location     Type
		None
 Auto vars:     Size  Location     Type
  i               2    0        int 
 Return value:  Size  Location     Type
		None               void
 Registers used:
		wreg, status,2, status,0, cstack
 Tracked objects:
		On entry : 
		On exit  : 
		Unchanged: 
 Data sizes:     COMRAM   BANK0   BANK1   BANK2   BANK3   BANK4   BANK5
      Params:         0       0       0       0       0       0       0
      Locals:         0       0       0       0       0       0       0
      Temps:          0       0       0       0       0       0       0
      Totals:         0       0       0       0       0       0       0
Total ram usage:        0 bytes
 Hardware stack levels used:    1
 Hardware stack levels required when called:   10
 This function calls:
		_lcd_cmd
		_lcd_delay
 This function is called by:
		_Init
		_dis_string_cod
		_dis_char_cod
 This function uses a non-reentrant model


 *************** function _Stepper_Init *****************
 Defined at:
		line 47 in file "Stepper_Drive.h"
 Parameters:    Size  Location     Type
		None
 Auto vars:     Size  Location     Type
		None
 Return value:  Size  Location     Type
		None               void
 Registers used:
		None
 Tracked objects:
		On entry : 
		On exit  : 
		Unchanged: 
 Data sizes:     COMRAM   BANK0   BANK1   BANK2   BANK3   BANK4   BANK5
      Params:         0       0       0       0       0       0       0
      Locals:         0       0       0       0       0       0       0
      Temps:          0       0       0       0       0       0       0
      Totals:         0       0       0       0       0       0       0
Total ram usage:        0 bytes
 Hardware stack levels used:    1
 Hardware stack levels required when called:    7
 This function calls:
		Nothing
 This function is called by:
		_Init
 This function uses a non-reentrant model


 *************** function _GetReset *****************
 Defined at:
		line 138 in file "Stepper_Drive.h"
 Parameters:    Size  Location     Type
		None
 Auto vars:     Size  Location     Type
		None
 Return value:  Size  Location     Type
		None               void
 Registers used:
		wreg, status,2, status,0, cstack
 Tracked objects:
		On entry : 
		On exit  : 
		Unchanged: 
 Data sizes:     COMRAM   BANK0   BANK1   BANK2   BANK3   BANK4   BANK5
      Params:         0       0       0       0       0       0       0
      Locals:         0       0       0       0       0       0       0
      Temps:          0       0       0       0       0       0       0
      Totals:         0       0       0       0       0       0       0
Total ram usage:        0 bytes
 Hardware stack levels used:    1
 Hardware stack levels required when called:    8
 This function calls:
		_delay
 This function is called by:
		_main
 This function uses a non-reentrant model


 *************** function _Compressor_Timer *****************
 Defined at:
		line 46 in file "TIMER_45k222.h"
 Parameters:    Size  Location     Type
		None
 Auto vars:     Size  Location     Type
		None
 Return value:  Size  Location     Type
		None               void
 Registers used:
		wreg, fsr0l, fsr0h, status,2, status,0, tblptrl, tblptrh, tblptru, cstack
 Tracked objects:
		On entry : 
		On exit  : 
		Unchanged: 
 Data sizes:     COMRAM   BANK0   BANK1   BANK2   BANK3   BANK4   BANK5
      Params:         0       0       0       0       0       0       0
      Locals:         0       0       0       0       0       0       0
      Temps:          0       0       0       0       0       0       0
      Totals:         0       0       0       0       0       0       0
Total ram usage:        0 bytes
 Hardware stack levels used:    1
 Hardware stack levels required when called:   11
 This function calls:
		_clr_scr
		_delay
		_dis_string
		_first_line
		_second_line
		_tx1_byte
		_tx1_byte_n
 This function is called by:
		_main
 This function uses a non-reentrant model


 *************** function _tx1_byte_n *****************
 Defined at:
		line 89 in file "uart_45k22.h"
 Parameters:    Size  Location     Type
  data1n          1    wreg     unsigned char 
 Auto vars:     Size  Location     Type
  data1n          1    1[BANK0 ] unsigned char 
 Return value:  Size  Location     Type
		None               void
 Registers used:
		wreg, status,2, cstack
 Tracked objects:
		On entry : 
		On exit  : 
		Unchanged: 
 Data sizes:     COMRAM   BANK0   BANK1   BANK2   BANK3   BANK4   BANK5
      Params:         0       0       0       0       0       0       0
      Locals:         0       1       0       0       0       0       0
      Temps:          0       0       0       0       0       0       0
      Totals:         0       1       0       0       0       0       0
Total ram usage:        1 bytes
 Hardware stack levels used:    1
 Hardware stack levels required when called:    8
 This function calls:
		_tx1_byte
 This function is called by:
		_ProcessStepperData
		_Compressor_Timer
 This function uses a non-reentrant model


 *************** function _tx1_byte *****************
 Defined at:
		line 83 in file "uart_45k22.h"
 Parameters:    Size  Location     Type
  data1           1    wreg     unsigned char 
 Auto vars:     Size  Location     Type
  data1           1    0[BANK0 ] unsigned char 
 Return value:  Size  Location     Type
		None               void
 Registers used:
		wreg
 Tracked objects:
		On entry : 
		On exit  : 
		Unchanged: 
 Data sizes:     COMRAM   BANK0   BANK1   BANK2   BANK3   BANK4   BANK5
      Params:         0       0       0       0       0       0       0
      Locals:         0       1       0       0       0       0       0
      Temps:          0       0       0       0       0       0       0
      Totals:         0       1       0       0       0       0       0
Total ram usage:        1 bytes
 Hardware stack levels used:    1
 Hardware stack levels required when called:    7
 This function calls:
		Nothing
 This function is called by:
		_tx1_byte_n
		_ProcessStepperData
		_Compressor_Timer
		_tx1_string
 This function uses a non-reentrant model


 *************** function _first_line *****************
 Defined at:
		line 50 in file "LCD_4bit.h"
 Parameters:    Size  Location     Type
		None
 Auto vars:     Size  Location     Type
		None
 Return value:  Size  Location     Type
		None               void
 Registers used:
		wreg, status,2, status,0, cstack
 Tracked objects:
		On entry : 
		On exit  : 
		Unchanged: 
 Data sizes:     COMRAM   BANK0   BANK1   BANK2   BANK3   BANK4   BANK5
      Params:         0       0       0       0       0       0       0
      Locals:         0       0       0       0       0       0       0
      Temps:          0       0       0       0       0       0       0
      Totals:         0       0       0       0       0       0       0
Total ram usage:        0 bytes
 Hardware stack levels used:    1
 Hardware stack levels required when called:   10
 This function calls:
		_lcd_cmd
 This function is called by:
		_ProcessStepperData
		_Timer0_Init
		_Compressor_Timer
		_main
 This function uses a non-reentrant model


 *************** function _delay *****************
 Defined at:
		line 88 in file "Stepper_Drive.h"
 Parameters:    Size  Location     Type
		None
 Auto vars:     Size  Location     Type
  y               2    2[BANK0 ] int 
  x               2    0[BANK0 ] int 
 Return value:  Size  Location     Type
		None               void
 Registers used:
		wreg, status,2, status,0
 Tracked objects:
		On entry : 
		On exit  : 
		Unchanged: 
 Data sizes:     COMRAM   BANK0   BANK1   BANK2   BANK3   BANK4   BANK5
      Params:         0       0       0       0       0       0       0
      Locals:         0       4       0       0       0       0       0
      Temps:          0       0       0       0       0       0       0
      Totals:         0       4       0       0       0       0       0
Total ram usage:        4 bytes
 Hardware stack levels used:    1
 Hardware stack levels required when called:    7
 This function calls:
		Nothing
 This function is called by:
		_GetReset
		_FullStepsPos
		_FullStepsNeg
		_Compressor_Timer
 This function uses a non-reentrant model


 *************** function _clr_scr *****************
 Defined at:
		line 57 in file "LCD_4bit.h"
 Parameters:    Size  Location     Type
		None
 Auto vars:     Size  Location     Type
		None
 Return value:  Size  Location     Type
		None               void
 Registers used:
		wreg, status,2, status,0, cstack
 Tracked objects:
		On entry : 
		On exit  : 
		Unchanged: 
 Data sizes:     COMRAM   BANK0   BANK1   BANK2   BANK3   BANK4   BANK5
      Params:         0       0       0       0       0       0       0
      Locals:         0       0       0       0       0       0       0
      Temps:          0       0       0       0       0       0       0
      Totals:         0       0       0       0       0       0       0
Total ram usage:        0 bytes
 Hardware stack levels used:    1
 Hardware stack levels required when called:   10
 This function calls:
		_lcd_cmd
 This function is called by:
		_ProcessStepperData
		_Compressor_Timer
		_Init
		_main
 This function uses a non-reentrant model


 *************** function _ADXL_Read *****************
 Defined at:
		line 30 in file "ADXL335_ADC_45K22.h"
 Parameters:    Size  Location     Type
		None
 Auto vars:     Size  Location     Type
		None
 Return value:  Size  Location     Type
		None               void
 Registers used:
		wreg, status,2, status,0
 Tracked objects:
		On entry : 
		On exit  : 
		Unchanged: 
 Data sizes:     COMRAM   BANK0   BANK1   BANK2   BANK3   BANK4   BANK5
      Params:         0       0       0       0       0       0       0
      Locals:         0       0       0       0       0       0       0
      Temps:          0       2       0       0       0       0       0
      Totals:         0       2       0       0       0       0       0
Total ram usage:        2 bytes
 Hardware stack levels used:    1
 Hardware stack levels required when called:    7
 This function calls:
		Nothing
 This function is called by:
		_main
 This function uses a non-reentrant model


 *************** function _ADXL_Display *****************
 Defined at:
		line 38 in file "ADXL335_ADC_45K22.h"
 Parameters:    Size  Location     Type
		None
 Auto vars:     Size  Location     Type
		None
 Return value:  Size  Location     Type
		None               void
 Registers used:
		wreg, fsr0l, fsr0h, status,2, status,0, tblptrl, tblptrh, tblptru, cstack
 Tracked objects:
		On entry : 
		On exit  : 
		Unchanged: 
 Data sizes:     COMRAM   BANK0   BANK1   BANK2   BANK3   BANK4   BANK5
      Params:         0       0       0       0       0       0       0
      Locals:         0       0       0       0       0       0       0
      Temps:          0       0       0       0       0       0       0
      Totals:         0       0       0       0       0       0       0
Total ram usage:        0 bytes
 Hardware stack levels used:    1
 Hardware stack levels required when called:   11
 This function calls:
		___lwdiv
		___lwmod
		_dis_string
		_lcd_delay
		_second_line
 This function is called by:
		_main
 This function uses a non-reentrant model


 *************** function _second_line *****************
 Defined at:
		line 53 in file "LCD_4bit.h"
 Parameters:    Size  Location     Type
		None
 Auto vars:     Size  Location     Type
		None
 Return value:  Size  Location     Type
		None               void
 Registers used:
		wreg, status,2, status,0, cstack
 Tracked objects:
		On entry : 
		On exit  : 
		Unchanged: 
 Data sizes:     COMRAM   BANK0   BANK1   BANK2   BANK3   BANK4   BANK5
      Params:         0       0       0       0       0       0       0
      Locals:         0       0       0       0       0       0       0
      Temps:          0       0       0       0       0       0       0
      Totals:         0       0       0       0       0       0       0
Total ram usage:        0 bytes
 Hardware stack levels used:    1
 Hardware stack levels required when called:   10
 This function calls:
		_lcd_cmd
 This function is called by:
		_ProcessStepperData
		_Compressor_Timer
		_ADXL_Display
		_RxI1
		_display_uptime
 This function uses a non-reentrant model


 *************** function _lcd_cmd *****************
 Defined at:
		line 148 in file "LCD_4bit.h"
 Parameters:    Size  Location     Type
  cmd_value       1    wreg     unsigned char 
 Auto vars:     Size  Location     Type
  cmd_value       1   15[BANK0 ] unsigned char 
  cmd_value1      1   16[BANK0 ] unsigned char 
 Return value:  Size  Location     Type
		None               void
 Registers used:
		wreg, status,2, status,0, cstack
 Tracked objects:
		On entry : 
		On exit  : 
		Unchanged: 
 Data sizes:     COMRAM   BANK0   BANK1   BANK2   BANK3   BANK4   BANK5
      Params:         0       0       0       0       0       0       0
      Locals:         0       2       0       0       0       0       0
      Temps:          0       0       0       0       0       0       0
      Totals:         0       2       0       0       0       0       0
Total ram usage:        2 bytes
 Hardware stack levels used:    1
 Hardware stack levels required when called:    9
 This function calls:
		_lcdcmd_nibble
 This function is called by:
		_first_line
		_second_line
		_clr_scr
		_lcd_ini
		_back_space
		_dis_string_cod
		_dis_char_cod
		_lcd_waiting_display
 This function uses a non-reentrant model


 *************** function _lcdcmd_nibble *****************
 Defined at:
		line 172 in file "LCD_4bit.h"
 Parameters:    Size  Location     Type
  cmdout          1    wreg     unsigned char 
 Auto vars:     Size  Location     Type
  cmdout          1   14[BANK0 ] unsigned char 
 Return value:  Size  Location     Type
		None               void
 Registers used:
		wreg, status,2, status,0, cstack
 Tracked objects:
		On entry : 
		On exit  : 
		Unchanged: 
 Data sizes:     COMRAM   BANK0   BANK1   BANK2   BANK3   BANK4   BANK5
      Params:         0       0       0       0       0       0       0
      Locals:         0       1       0       0       0       0       0
      Temps:          0       1       0       0       0       0       0
      Totals:         0       2       0       0       0       0       0
Total ram usage:        2 bytes
 Hardware stack levels used:    1
 Hardware stack levels required when called:    8
 This function calls:
		_lcd_delay
 This function is called by:
		_lcd_cmd
 This function uses a non-reentrant model


 *************** function _dis_string *****************
 Defined at:
		line 65 in file "LCD_4bit.h"
 Parameters:    Size  Location     Type
  wrptr           2   17[BANK0 ] PTR unsigned char 
		 -> STR_11(17), STR_10(17), STR_9(17), STR_8(17), 
		 -> digits(4), STR_7(6), time_lcd(5), STR_6(6), 
		 -> STR_5(17), STR_4(14), STR_3(17), STR_2(17), 
		 -> STR_1(17), rx_position(4), 
  len             1   19[BANK0 ] unsigned char 
 Auto vars:     Size  Location     Type
  i               2   25[BANK0 ] int 
  count           2   23[BANK0 ] unsigned int 
 Return value:  Size  Location     Type
		None               void
 Registers used:
		wreg, fsr0l, fsr0h, status,2, status,0, tblptrl, tblptrh, tblptru, cstack
 Tracked objects:
		On entry : 
		On exit  : 
		Unchanged: 
 Data sizes:     COMRAM   BANK0   BANK1   BANK2   BANK3   BANK4   BANK5
      Params:         0       3       0       0       0       0       0
      Locals:         0       4       0       0       0       0       0
      Temps:          0       3       0       0       0       0       0
      Totals:         0      10       0       0       0       0       0
Total ram usage:       10 bytes
 Hardware stack levels used:    1
 Hardware stack levels required when called:   10
 This function calls:
		_dis_char
 This function is called by:
		_ProcessStepperData
		_Timer0_Init
		_Compressor_Timer
		_ADXL_Display
		_RxI1
		_Init
		_main
		_dis_string_cod
		_display_uptime
 This function uses a non-reentrant model


 *************** function _dis_char *****************
 Defined at:
		line 163 in file "LCD_4bit.h"
 Parameters:    Size  Location     Type
  data_value      1    wreg     unsigned char 
 Auto vars:     Size  Location     Type
  data_value      1   15[BANK0 ] unsigned char 
  data_value1     1   16[BANK0 ] unsigned char 
 Return value:  Size  Location     Type
		None               void
 Registers used:
		wreg, status,2, status,0, cstack
 Tracked objects:
		On entry : 
		On exit  : 
		Unchanged: 
 Data sizes:     COMRAM   BANK0   BANK1   BANK2   BANK3   BANK4   BANK5
      Params:         0       0       0       0       0       0       0
      Locals:         0       2       0       0       0       0       0
      Temps:          0       0       0       0       0       0       0
      Totals:         0       2       0       0       0       0       0
Total ram usage:        2 bytes
 Hardware stack levels used:    1
 Hardware stack levels required when called:    9
 This function calls:
		_lcddata_nibble
 This function is called by:
		_dis_string
		_ProcessStepperData
		_back_space
		_dis_char_cod
 This function uses a non-reentrant model


 *************** function _lcddata_nibble *****************
 Defined at:
		line 186 in file "LCD_4bit.h"
 Parameters:    Size  Location     Type
  dataout         1    wreg     unsigned char 
 Auto vars:     Size  Location     Type
  dataout         1   14[BANK0 ] unsigned char 
 Return value:  Size  Location     Type
		None               void
 Registers used:
		wreg, status,2, status,0, cstack
 Tracked objects:
		On entry : 
		On exit  : 
		Unchanged: 
 Data sizes:     COMRAM   BANK0   BANK1   BANK2   BANK3   BANK4   BANK5
      Params:         0       0       0       0       0       0       0
      Locals:         0       1       0       0       0       0       0
      Temps:          0       1       0       0       0       0       0
      Totals:         0       2       0       0       0       0       0
Total ram usage:        2 bytes
 Hardware stack levels used:    1
 Hardware stack levels required when called:    8
 This function calls:
		_lcd_delay
 This function is called by:
		_dis_char
 This function uses a non-reentrant model


 *************** function _lcd_delay *****************
 Defined at:
		line 106 in file "LCD_4bit.h"
 Parameters:    Size  Location     Type
  temp            4    0[BANK0 ] long 
 Auto vars:     Size  Location     Type
  i               4    9[BANK0 ] long 
  j               4    5[BANK0 ] long 
 Return value:  Size  Location     Type
		None               void
 Registers used:
		wreg, status,2, status,0
 Tracked objects:
		On entry : 
		On exit  : 
		Unchanged: 
 Data sizes:     COMRAM   BANK0   BANK1   BANK2   BANK3   BANK4   BANK5
      Params:         0       4       0       0       0       0       0
      Locals:         0       8       0       0       0       0       0
      Temps:          0       1       0       0       0       0       0
      Totals:         0      13       0       0       0       0       0
Total ram usage:       13 bytes
 Hardware stack levels used:    1
 Hardware stack levels required when called:    7
 This function calls:
		Nothing
 This function is called by:
		_lcd_ini
		_lcdcmd_nibble
		_lcddata_nibble
		_ADXL_Display
		_lcd_waiting_display
 This function uses a non-reentrant model


 *************** function ___lwmod *****************
 Defined at:
[...]
 Parameters:    Size  Location     Type
  dividend        2    0[BANK0 ] unsigned int 
  divisor         2    2[BANK0 ] unsigned int 
 Auto vars:     Size  Location     Type
  quotient        2    5[BANK0 ] unsigned int 
  counter         1    4[BANK0 ] unsigned char 
 Return value:  Size  Location     Type
                  2    0[BANK0 ] unsigned int 
 Registers used:
		wreg, status,2, status,0
 Tracked objects:
		On entry : 
		On exit  : 
		Unchanged: 
 Data sizes:     COMRAM   BANK0   BANK1   BANK2   BANK3   BANK4   BANK5
      Params:         0       4       0       0       0       0       0
      Locals:         0       3       0       0       0       0       0
      Temps:          0       0       0       0       0       0       0
      Totals:         0       7       0       0       0       0       0
Total ram usage:        7 bytes
 Hardware stack levels used:    1
 Hardware stack levels required when called:    7
 This function calls:
		Nothing
 This function is called by:
		_ADXL_Display
 This function uses a non-reentrant model


 *************** function _high_isr *****************
 Defined at:
		line 66 in file "Dual_UART.c"
 Parameters:    Size  Location     Type
		None
 Auto vars:     Size  Location     Type
		None
 Return value:  Size  Location     Type
		None               void
 Registers used:
		wreg, fsr0l, fsr0h, status,2, status,0, tblptrl, tblptrh, tblptru, cstack
 Tracked objects:
		On entry : 
		On exit  : 
		Unchanged: 
 Data sizes:     COMRAM   BANK0   BANK1   BANK2   BANK3   BANK4   BANK5
      Params:         0       0       0       0       0       0       0
      Locals:         0       0       0       0       0       0       0
      Temps:         14       0       0       0       0       0       0
      Totals:        14       0       0       0       0       0       0
Total ram usage:       14 bytes
 Hardware stack levels used:    1
 Hardware stack levels required when called:    6
 This function calls:
		_Reload_Timer
		_second_inc
 This function is called by:
		Interrupt level 2
 This function uses a non-reentrant model


 *************** function _second_inc *****************
 Defined at:
		line 70 in file "TIMER_45k222.h"
 Parameters:    Size  Location     Type
		None
 Auto vars:     Size  Location     Type
		None
 Return value:  Size  Location     Type
		None               void
 Registers used:
		wreg, fsr0l, fsr0h, status,2, status,0, tblptrl, tblptrh, tblptru, cstack
 Tracked objects:
		On entry : 
		On exit  : 
		Unchanged: 
 Data sizes:     COMRAM   BANK0   BANK1   BANK2   BANK3   BANK4   BANK5
      Params:         0       0       0       0       0       0       0
      Locals:         0       0       0       0       0       0       0
      Temps:          0       0       0       0       0       0       0
      Totals:         0       0       0       0       0       0       0
Total ram usage:        0 bytes
 Hardware stack levels used:    1
 Hardware stack levels required when called:    5
 This function calls:
		_display_downtime
 This function is called by:
		_high_isr
 This function uses a non-reentrant model


 *************** function _display_downtime *****************
 Defined at:
		line 81 in file "TIMER_45k222.h"
 Parameters:    Size  Location     Type
		None
 Auto vars:     Size  Location     Type
		None
 Return value:  Size  Location     Type
		None               void
 Registers used:
		wreg, fsr0l, fsr0h, status,2, status,0, tblptrl, tblptrh, tblptru, cstack
 Tracked objects:
		On entry : 
		On exit  : 
		Unchanged: 
 Data sizes:     COMRAM   BANK0   BANK1   BANK2   BANK3   BANK4   BANK5
      Params:         0       0       0       0       0       0       0
      Locals:         0       0       0       0       0       0       0
      Temps:          2       0       0       0       0       0       0
      Totals:         2       0       0       0       0       0       0
Total ram usage:        2 bytes
 Hardware stack levels used:    1
 Hardware stack levels required when called:    4
 This function calls:
		___awdiv
		___awmod
		_lcd_right_shift
		i2_dis_string
		i2_second_line
 This function is called by:
		_second_inc
 This function uses a non-reentrant model


 *************** function i2_second_line *****************
 Defined at:
		line 53 in file "LCD_4bit.h"
 Parameters:    Size  Location     Type
		None
 Auto vars:     Size  Location     Type
		None
 Return value:  Size  Location     Type
		None               void
 Registers used:
		wreg, status,2, status,0, cstack
 Tracked objects:
		On entry : 
		On exit  : 
		Unchanged: 
 Data sizes:     COMRAM   BANK0   BANK1   BANK2   BANK3   BANK4   BANK5
      Params:         0       0       0       0       0       0       0
      Locals:         0       0       0       0       0       0       0
      Temps:          0       0       0       0       0       0       0
      Totals:         0       0       0       0       0       0       0
Total ram usage:        0 bytes
 Hardware stack levels used:    1
 Hardware stack levels required when called:    3
 This function calls:
		i2_lcd_cmd
 This function is called by:
		_display_downtime
 This function uses a non-reentrant model


 *************** function i2_dis_string *****************
 Defined at:
		line 65 in file "LCD_4bit.h"
 Parameters:    Size  Location     Type
  wrptr           2   17[COMRAM] PTR unsigned char 
		 -> STR_11(17), STR_10(17), STR_9(17), STR_8(17), 
		 -> digits(4), STR_7(6), time_lcd(5), STR_6(6), 
		 -> STR_5(17), STR_4(14), STR_3(17), STR_2(17), 
		 -> STR_1(17), rx_position(4), 
  len             1   19[COMRAM] unsigned char 
 Auto vars:     Size  Location     Type
  dis_string      2   25[COMRAM] int 
  dis_string      2   23[COMRAM] unsigned int 
 Return value:  Size  Location     Type
		None               void
 Registers used:
		wreg, fsr0l, fsr0h, status,2, status,0, tblptrl, tblptrh, tblptru, cstack
 Tracked objects:
		On entry : 
		On exit  : 
		Unchanged: 
 Data sizes:     COMRAM   BANK0   BANK1   BANK2   BANK3   BANK4   BANK5
      Params:         3       0       0       0       0       0       0
      Locals:         4       0       0       0       0       0       0
      Temps:          3       0       0       0       0       0       0
      Totals:        10       0       0       0       0       0       0
Total ram usage:       10 bytes
 Hardware stack levels used:    1
 Hardware stack levels required when called:    3
 This function calls:
		i2_dis_char
 This function is called by:
		_display_downtime
 This function uses a non-reentrant model


 *************** function i2_dis_char *****************
 Defined at:
		line 163 in file "LCD_4bit.h"
 Parameters:    Size  Location     Type
  data_value      1    wreg     unsigned char 
 Auto vars:     Size  Location     Type
  data_value      1   15[COMRAM] unsigned char 
  dis_char        1   16[COMRAM] unsigned char 
 Return value:  Size  Location     Type
		None               void
 Registers used:
		wreg, status,2, status,0, cstack
 Tracked objects:
		On entry : 
		On exit  : 
		Unchanged: 
 Data sizes:     COMRAM   BANK0   BANK1   BANK2   BANK3   BANK4   BANK5
      Params:         0       0       0       0       0       0       0
      Locals:         2       0       0       0       0       0       0
      Temps:          0       0       0       0       0       0       0
      Totals:         2       0       0       0       0       0       0
Total ram usage:        2 bytes
 Hardware stack levels used:    1
 Hardware stack levels required when called:    2
 This function calls:
		i2_lcddata_nibble
 This function is called by:
		i2_dis_string
 This function uses a non-reentrant model


 *************** function i2_lcddata_nibble *****************
 Defined at:
		line 186 in file "LCD_4bit.h"
 Parameters:    Size  Location     Type
  dataout         1    wreg     unsigned char 
 Auto vars:     Size  Location     Type
  dataout         1   14[COMRAM] unsigned char 
 Return value:  Size  Location     Type
		None               void
 Registers used:
		wreg, status,2, status,0, cstack
 Tracked objects:
		On entry : 
		On exit  : 
		Unchanged: 
 Data sizes:     COMRAM   BANK0   BANK1   BANK2   BANK3   BANK4   BANK5
      Params:         0       0       0       0       0       0       0
      Locals:         1       0       0       0       0       0       0
      Temps:          1       0       0       0       0       0       0
      Totals:         2       0       0       0       0       0       0
Total ram usage:        2 bytes
 Hardware stack levels used:    1
 Hardware stack levels required when called:    1
 This function calls:
		i2_lcd_delay
 This function is called by:
		i2_dis_char
 This function uses a non-reentrant model


 *************** function _lcd_right_shift *****************
 Defined at:
		line 157 in file "LCD_4bit.h"
 Parameters:    Size  Location     Type
  n               2   17[COMRAM] unsigned int 
 Auto vars:     Size  Location     Type
  p               2   19[COMRAM] unsigned int 
 Return value:  Size  Location     Type
		None               void
 Registers used:
		wreg, status,2, status,0, cstack
 Tracked objects:
		On entry : 
		On exit  : 
		Unchanged: 
 Data sizes:     COMRAM   BANK0   BANK1   BANK2   BANK3   BANK4   BANK5
      Params:         2       0       0       0       0       0       0
      Locals:         2       0       0       0       0       0       0
      Temps:          0       0       0       0       0       0       0
      Totals:         4       0       0       0       0       0       0
Total ram usage:        4 bytes
 Hardware stack levels used:    1
 Hardware stack levels required when called:    3
 This function calls:
		i2_lcd_cmd
 This function is called by:
		_display_downtime
		_display_uptime
 This function uses a non-reentrant model


 *************** function i2_lcd_cmd *****************
 Defined at:
		line 148 in file "LCD_4bit.h"
 Parameters:    Size  Location     Type
  cmd_value       1    wreg     unsigned char 
 Auto vars:     Size  Location     Type
  cmd_value       1   15[COMRAM] unsigned char 
  lcd_cmd         1   16[COMRAM] unsigned char 
 Return value:  Size  Location     Type
		None               void
 Registers used:
		wreg, status,2, status,0, cstack
 Tracked objects:
		On entry : 
		On exit  : 
		Unchanged: 
 Data sizes:     COMRAM   BANK0   BANK1   BANK2   BANK3   BANK4   BANK5
      Params:         0       0       0       0       0       0       0
      Locals:         2       0       0       0       0       0       0
      Temps:          0       0       0       0       0       0       0
      Totals:         2       0       0       0       0       0       0
Total ram usage:        2 bytes
 Hardware stack levels used:    1
 Hardware stack levels required when called:    2
 This function calls:
		i2_lcdcmd_nibble
 This function is called by:
		_lcd_right_shift
		i2_second_line
 This function uses a non-reentrant model


 *************** function i2_lcdcmd_nibble *****************
 Defined at:
		line 172 in file "LCD_4bit.h"
 Parameters:    Size  Location     Type
  cmdout          1    wreg     unsigned char 
 Auto vars:     Size  Location     Type
  cmdout          1   14[COMRAM] unsigned char 
 Return value:  Size  Location     Type
		None               void
 Registers used:
		wreg, status,2, status,0, cstack
 Tracked objects:
		On entry : 
		On exit  : 
		Unchanged: 
 Data sizes:     COMRAM   BANK0   BANK1   BANK2   BANK3   BANK4   BANK5
      Params:         0       0       0       0       0       0       0
      Locals:         1       0       0       0       0       0       0
      Temps:          1       0       0       0       0       0       0
      Totals:         2       0       0       0       0       0       0
Total ram usage:        2 bytes
 Hardware stack levels used:    1
 Hardware stack levels required when called:    1
 This function calls:
		i2_lcd_delay
 This function is called by:
		i2_lcd_cmd
 This function uses a non-reentrant model


 *************** function i2_lcd_delay *****************
 Defined at:
		line 106 in file "LCD_4bit.h"
 Parameters:    Size  Location     Type
  temp            4    0[COMRAM] long 
 Auto vars:     Size  Location     Type
  lcd_delay       4    9[COMRAM] long 
  lcd_delay       4    5[COMRAM] long 
 Return value:  Size  Location     Type
		None               void
 Registers used:
		wreg, status,2, status,0
 Tracked objects:
		On entry : 
		On exit  : 
		Unchanged: 
 Data sizes:     COMRAM   BANK0   BANK1   BANK2   BANK3   BANK4   BANK5
      Params:         4       0       0       0       0       0       0
      Locals:         8       0       0       0       0       0       0
      Temps:          1       0       0       0       0       0       0
      Totals:        13       0       0       0       0       0       0
Total ram usage:       13 bytes
 Hardware stack levels used:    1
 This function calls:
		Nothing
 This function is called by:
		i2_lcdcmd_nibble
		i2_lcddata_nibble
 This function uses a non-reentrant model


 *************** function ___awmod *****************
 Defined at:
		line 8 in file "F:\Program Files (x86)\Microchip\xc8\v1.34\sources\common\awmod.c"
 Parameters:    Size  Location     Type
  dividend        2    8[COMRAM] int 
  divisor         2   10[COMRAM] int 
 Auto vars:     Size  Location     Type
  sign            1   13[COMRAM] unsigned char 
  counter         1   12[COMRAM] unsigned char 
 Return value:  Size  Location     Type
                  2    8[COMRAM] int 
 Registers used:
		wreg, status,2, status,0
 Tracked objects:
		On entry : 
		On exit  : 
		Unchanged: 
 Data sizes:     COMRAM   BANK0   BANK1   BANK2   BANK3   BANK4   BANK5
      Params:         4       0       0       0       0       0       0
      Locals:         2       0       0       0       0       0       0
      Temps:          0       0       0       0       0       0       0
      Totals:         6       0       0       0       0       0       0
Total ram usage:        6 bytes
 Hardware stack levels used:    1
 This function calls:
		Nothing
 This function is called by:
		_display_downtime
		_display_uptime
 This function uses a non-reentrant model


 *************** function ___awdiv *****************
 Defined at:
		line 8 in file "F:\Program Files (x86)\Microchip\xc8\v1.34\sources\common\awdiv.c"
 Parameters:    Size  Location     Type
  dividend        2    0[COMRAM] int 
  divisor         2    2[COMRAM] int 
 Auto vars:     Size  Location     Type
  quotient        2    6[COMRAM] int 
  sign            1    5[COMRAM] unsigned char 
  counter         1    4[COMRAM] unsigned char 
 Return value:  Size  Location     Type
                  2    0[COMRAM] int 
 Registers used:
		wreg, status,2, status,0
 Tracked objects:
		On entry : 
		On exit  : 
		Unchanged: 
 Data sizes:     COMRAM   BANK0   BANK1   BANK2   BANK3   BANK4   BANK5
      Params:         4       0       0       0       0       0       0
      Locals:         4       0       0       0       0       0       0
      Temps:          0       0       0       0       0       0       0
      Totals:         8       0       0       0       0       0       0
Total ram usage:        8 bytes
 Hardware stack levels used:    1
 This function calls:
		Nothing
 This function is called by:
		_display_downtime
		_display_uptime
 This function uses a non-reentrant model


 *************** function _Reload_Timer *****************
 Defined at:
		line 105 in file "TIMER_45k222.h"
 Parameters:    Size  Location     Type
		None
 Auto vars:     Size  Location     Type
		None
 Return value:  Size  Location     Type
		None               void
 Registers used:
		wreg, status,2
 Tracked objects:
		On entry : 
		On exit  : 
		Unchanged: 
 Data sizes:     COMRAM   BANK0   BANK1   BANK2   BANK3   BANK4   BANK5
      Params:         0       0       0       0       0       0       0
      Locals:         0       0       0       0       0       0       0
      Temps:          0       0       0       0       0       0       0
      Totals:         0       0       0       0       0       0       0
Total ram usage:        0 bytes
 Hardware stack levels used:    1
 This function calls:
		Nothing
 This function is called by:
		_high_isr
 This function uses a non-reentrant model



MODULE INFORMATION

Module		Function		Class		Link	Load	Size
F:\Program Files (x86)\Microchip\xc8\v1.34\sources\common\lwmod.c
		___lwmod       		CODE           	18CA	0000	109

F:\Program Files (x86)\Microchip\xc8\v1.34\sources\common\lwmod.c estimated size: 109

Stepper_Drive.h
		_FullStepsPos  		CODE           	0BA2	0000	293
		_ProcessStepper		CODE           	09C4	0000	479
		_delay         		CODE           	1858	0000	115
		_GetReset      		CODE           	1396	0000	149
		_ProcessSteps  		CODE           	067C	0000	841
		_Stepper_Init  		CODE           	1D1A	0000	19
		_FullStepsNeg  		CODE           	0CC6	0000	287

Stepper_Drive.h estimated size: 2183

F:\Program Files (x86)\Microchip\xc8\v1.34\sources\common\Umul16.c
		___wmul        		CODE           	1BB0	0000	57

F:\Program Files (x86)\Microchip\xc8\v1.34\sources\common\Umul16.c estimated size: 57

F:\Program Files (x86)\Microchip\xc8\v1.34\sources\common\awmod.c
		___awmod       		CODE           	1762	0000	131

F:\Program Files (x86)\Microchip\xc8\v1.34\sources\common\awmod.c estimated size: 131

F:\Program Files (x86)\Microchip\xc8\v1.34\sources\common\lwdiv.c
		___lwdiv       		CODE           	16E0	0000	131

F:\Program Files (x86)\Microchip\xc8\v1.34\sources\common\lwdiv.c estimated size: 131

ADXL335_ADC_45K22.h
		_ADXL_Read     		CODE           	1B76	0000	59
		_ADXL_Display  		CODE           	0ED2	0000	215
		_ADXL_Init     		CODE           	1D06	0000	21

ADXL335_ADC_45K22.h estimated size: 295

LCD_4bit.h
		_lcd_right_shif		CODE           	1C40	0000	37
		_dis_char      		CODE           	1C14	0000	45
		_lcd_delay     		CODE           	1266	0000	155
		_lcd_cmd       		CODE           	1BE8	0000	45
		_first_line    		CODE           	1D4E	0000	9
		_dis_string    		CODE           	14B8	0000	141
		_clr_scr       		CODE           	1CD4	0000	27
		_lcdcmd_nibble 		CODE           	0FA8	0000	185
		_lcddata_nibble		CODE           	1060	0000	185
		_lcd_ini       		CODE           	19FE	0000	87
		_second_line   		CODE           	1D56	0000	9

LCD_4bit.h estimated size: 925

Dual_UART.c
		_main          		CODE           	199E	0000	97
		_high_isr      		CODE           	0008	0000	163
		_Init          		CODE           	1A54	0000	81

Dual_UART.c estimated size: 341

F:\Program Files (x86)\Microchip\xc8\v1.34\sources\common\awdiv.c
		___awdiv       		CODE           	1300	0000	151

F:\Program Files (x86)\Microchip\xc8\v1.34\sources\common\awdiv.c estimated size: 151

TIMER_45k222.h
		_Timer0_Init   		CODE           	1AF0	0000	75
		_Compressor_Tim		CODE           	165C	0000	133
		_display_downti		CODE           	0DE4	0000	239
		_Reload_Timer  		CODE           	1D3C	0000	11
		_second_inc    		CODE           	1AA4	0000	77

TIMER_45k222.h estimated size: 535

shared
		i2_lcddata_nibb		CODE           	1544	0000	141
		i2_second_line 		CODE           	1D5E	0000	9
		__initializatio		CODE           	1B3A	0000	51
		i2_lcd_delay   		CODE           	17E4	0000	117
		i2_dis_char    		CODE           	1C64	0000	31
		i2_lcdcmd_nibbl		CODE           	15D0	0000	141
		i2_dis_string  		CODE           	1936	0000	105
		i2_lcd_cmd     		CODE           	1C82	0000	31

shared estimated size: 626

GPS_DUALUART_Parsing.h
		_Shift         		CODE           	1118	0000	173
		_ProcessNMEA   		CODE           	11C4	0000	163
		_RxI1          		CODE           	142A	0000	143
		_RxI2          		CODE           	1D46	0000	9

GPS_DUALUART_Parsing.h estimated size: 488

uart_45k22.h
		_Open_UART1    		CODE           	1CEE	0000	25
		_Open_UART2    		CODE           	1CA0	0000	27
		_tx1_byte      		CODE           	1D2C	0000	17
		_tx1_byte_n    		CODE           	1CBA	0000	27

uart_45k22.h estimated size: 96

